
# https://blog.csdn.net/ybdesire/article/details/79145180
##（1） 用命令fdisk -l查看新磁盘是否被系统识别

Device     Boot     Start       End   Sectors   Size Id Type
/dev/sda1  *         2048 960335871 960333824 457.9G 83 Linux
/dev/sda2       960337918 976771071  16433154   7.9G  5 Extended
/dev/sda5       960337920 976771071  16433152   7.9G 82 Linux swap / Solaris

Disk /dev/sdb: 2.7 TiB, 3000592982016 bytes, 5860533168 sectors
Units: sectors of 1 * 512 = 512 bytes
Sector size (logical/physical): 512 bytes / 4096 bytes
I/O size (minimum/optimal): 4096 bytes / 4096 bytes
Disklabel type: gpt
Disk identifier: 1AB82561-C5FD-47A9-9A29-31835617EBD3

Device     Boot     Start       End   Sectors   Size Id Type
/dev/sda1  *         2048 960335871 960333824 457.9G 83 Linux
/dev/sda2       960337918 976771071  16433154   7.9G  5 Extended
/dev/sda5       960337920 976771071  16433152   7.9G 82 Linux swap / Solaris

Disk /dev/sdb: 2.7 TiB, 3000592982016 bytes, 5860533168 sectors
Units: sectors of 1 * 512 = 512 bytes
Sector size (logical/physical): 512 bytes / 4096 bytes
I/O size (minimum/optimal): 4096 bytes / 4096 bytes
Disklabel type: gpt
Disk identifier: 1AB82561-C5FD-47A9-9A29-31835617EBD3

Device     Start        End    Sectors  Size Type
/dev/sdb1   2048 5860532223 5860530176  2.7T Microsoft basic data

可见sdb1是存在的，只需要mount就好。

##（2） 新建一个文件夹，作为将来访问sdb1的标识

root@ubuntu:/home/ubuntu# mkdir /data1

##（3） 查看磁盘sda的文件系统类型

root@ubuntu:/home/ubuntu# df -T
Filesystem     Type     1K-blocks    Used Available Use% Mounted on
/dev/sda1      ext4     472500496 1888700 446587068   1% /

##（4） 挂载磁盘sdb1到data1

root@ubuntu:/home/ubuntu# mount -t ext4 /dev/sdb1 /data1/

##（5） 用df -h可以查看到新挂载上的磁盘sdb1

root@ubuntu:/home/ubuntu# df -h
/dev/sda1       451G  1.9G  426G   1% /
/dev/sdb1       2.7T   74M  2.7T   1% /data1

今后访问/data1，就相当于访问磁盘sdb1。

## 总结
跟磁盘相关的几个常用命令：

df -h：查看磁盘占用情况
df -T：查看所有磁盘的文件系统类型(type)
fdisk -l：查看所有被系统识别的磁盘
mount -t type device dir：挂载device到dir
